duration measurement active, idt_alarm_time set: 165000
