duration measurement inactive, monitoring_time set: 129000
